HEAD=1884768fa927272b0436b944eeb7ea4630201fbb
TRACKED_STATE=clean
HASH path=/home/icly/Documents/tetris_ai_runner/out/build/linux-gcc-self-release/tetris_profile_value expected=1dccaa808044593bd97d6e8af09848ce8b19e75b9dcefa50d63a17a6381db765 actual=1dccaa808044593bd97d6e8af09848ce8b19e75b9dcefa50d63a17a6381db765
HASH path=/home/icly/Documents/tetris_ai_runner/out/build/linux-gcc-self-release/tetris_profile_child_soa expected=721394d9bec61fce9654266fa0fdc9b41d921d4bba1673b8b931fbc1fb0c9c91 actual=721394d9bec61fce9654266fa0fdc9b41d921d4bba1673b8b931fbc1fb0c9c91
HASH path=/home/icly/Documents/tetris_ai_runner/out/build/linux-gcc-self-release/candidate_partition expected=5986bdeebf9ff34fe4c3de0845881991fe463f6dc84dcbfb8d1b4bd7944642a1 actual=5986bdeebf9ff34fe4c3de0845881991fe463f6dc84dcbfb8d1b4bd7944642a1
HASH path=/home/icly/Documents/tetris_ai_runner/out/build/linux-gcc-self-release/candidate_partition_child_soa expected=6b5b520fdf253def718b3743f8fd53d54eb7636329c83f9c39b2510a65fa582a actual=6b5b520fdf253def718b3743f8fd53d54eb7636329c83f9c39b2510a65fa582a
HASH path=/home/icly/Documents/tetris_ai_runner/artifacts/frozen_29d.bin expected=ea95ba584f4eb5a7234bf0fbdd68fb422e00e29d13373e4df9e6b9ea2ca98037 actual=ea95ba584f4eb5a7234bf0fbdd68fb422e00e29d13373e4df9e6b9ea2ca98037
HASH path=/home/icly/Documents/tetris_ai_runner/results/phase7/child_soa_trial_2026-09-09/validation/prerequisite_tests_2026-09-09.txt expected=82a22a0cfd7afc288b2255007aca0c82bb3278b49544f9bbd0092e6e3ee797d0 actual=82a22a0cfd7afc288b2255007aca0c82bb3278b49544f9bbd0092e6e3ee797d0
CPU_CONTROL_PREFLIGHT=pass CPU15=1
PRECHECK attempt=0 utc=2026-09-09T15:20:46Z load1=1.01 load5=0.78 load15=0.77
CPU15_OFFLINE_START=2026-09-09T15:20:46Z state=0
START label=trace_normal utc=2026-09-09T15:20:46Z load1=1.01 load5=0.78 load15=0.77 cpu15=0
COMMAND label=trace_normal env -u TETRIS_AI_PARAM_FILE taskset --cpu-list 7 /home/icly/Documents/tetris_ai_runner/out/build/linux-gcc-self-release/candidate_partition record --seed 1 --warmup-moves 0 --moves 20 --maxdepth 6 --param-file /home/icly/Documents/tetris_ai_runner/artifacts/frozen_29d.bin --iters 1000 --record-out /home/icly/Documents/tetris_ai_runner_results/phase7/child_soa_trial_2026-09-09/trace_attempt3/trace_normal
END label=trace_normal utc=2026-09-09T15:20:50Z exit=0 cpu15=0
START label=trace_soa utc=2026-09-09T15:20:50Z load1=1.01 load5=0.78 load15=0.77 cpu15=0
COMMAND label=trace_soa env -u TETRIS_AI_PARAM_FILE taskset --cpu-list 7 /home/icly/Documents/tetris_ai_runner/out/build/linux-gcc-self-release/candidate_partition_child_soa record --seed 1 --warmup-moves 0 --moves 20 --maxdepth 6 --param-file /home/icly/Documents/tetris_ai_runner/artifacts/frozen_29d.bin --iters 1000 --record-out /home/icly/Documents/tetris_ai_runner_results/phase7/child_soa_trial_2026-09-09/trace_attempt3/trace_soa
END label=trace_soa utc=2026-09-09T15:20:53Z exit=0 cpu15=0
TRACE_IDENTITY=pass
HALF_CHECK half=1 attempt=0 utc=2026-09-09T15:20:53Z load1=1.09 load5=0.80 load15=0.77 cpu15=0
START label=run1_normal utc=2026-09-09T15:20:53Z load1=1.09 load5=0.80 load15=0.77 cpu15=0
COMMAND label=run1_normal env -u TETRIS_AI_PARAM_FILE taskset --cpu-list 7 /home/icly/Documents/tetris_ai_runner/out/build/linux-gcc-self-release/tetris_profile_value --seed 1 --warmup-moves 20 --moves 80 --maxdepth 6 --param-file /home/icly/Documents/tetris_ai_runner/artifacts/frozen_29d.bin --iters 1000 --quiet --quiet-version 3 --telemetry on --timers off
END label=run1_normal utc=2026-09-09T15:21:03Z exit=0 cpu15=0
MID_CHECK run=2 utc=2026-09-09T15:21:03Z load1=1.15 load5=0.82 load15=0.78 cpu15=0
START label=run2_soa utc=2026-09-09T15:21:03Z load1=1.15 load5=0.82 load15=0.78 cpu15=0
COMMAND label=run2_soa env -u TETRIS_AI_PARAM_FILE taskset --cpu-list 7 /home/icly/Documents/tetris_ai_runner/out/build/linux-gcc-self-release/tetris_profile_child_soa --seed 1 --warmup-moves 20 --moves 80 --maxdepth 6 --param-file /home/icly/Documents/tetris_ai_runner/artifacts/frozen_29d.bin --iters 1000 --quiet --quiet-version 3 --telemetry on --timers off
END label=run2_soa utc=2026-09-09T15:21:13Z exit=0 cpu15=0
MID_CHECK run=3 utc=2026-09-09T15:21:13Z load1=1.13 load5=0.83 load15=0.78 cpu15=0
START label=run3_soa utc=2026-09-09T15:21:13Z load1=1.13 load5=0.83 load15=0.78 cpu15=0
COMMAND label=run3_soa env -u TETRIS_AI_PARAM_FILE taskset --cpu-list 7 /home/icly/Documents/tetris_ai_runner/out/build/linux-gcc-self-release/tetris_profile_child_soa --seed 1 --warmup-moves 20 --moves 80 --maxdepth 6 --param-file /home/icly/Documents/tetris_ai_runner/artifacts/frozen_29d.bin --iters 1000 --quiet --quiet-version 3 --telemetry on --timers off
END label=run3_soa utc=2026-09-09T15:21:23Z exit=0 cpu15=0
MID_CHECK run=4 utc=2026-09-09T15:21:23Z load1=1.26 load5=0.87 load15=0.80 cpu15=0
START label=run4_normal utc=2026-09-09T15:21:23Z load1=1.26 load5=0.87 load15=0.80 cpu15=0
COMMAND label=run4_normal env -u TETRIS_AI_PARAM_FILE taskset --cpu-list 7 /home/icly/Documents/tetris_ai_runner/out/build/linux-gcc-self-release/tetris_profile_value --seed 1 --warmup-moves 20 --moves 80 --maxdepth 6 --param-file /home/icly/Documents/tetris_ai_runner/artifacts/frozen_29d.bin --iters 1000 --quiet --quiet-version 3 --telemetry on --timers off
END label=run4_normal utc=2026-09-09T15:21:33Z exit=0 cpu15=0
HALF_CHECK half=5 attempt=0 utc=2026-09-09T15:21:33Z load1=1.30 load5=0.89 load15=0.81 cpu15=0
START label=run5_normal utc=2026-09-09T15:21:33Z load1=1.30 load5=0.89 load15=0.81 cpu15=0
COMMAND label=run5_normal env -u TETRIS_AI_PARAM_FILE taskset --cpu-list 7 /home/icly/Documents/tetris_ai_runner/out/build/linux-gcc-self-release/tetris_profile_value --seed 1 --warmup-moves 20 --moves 80 --maxdepth 6 --param-file /home/icly/Documents/tetris_ai_runner/artifacts/frozen_29d.bin --iters 1000 --quiet --quiet-version 3 --telemetry on --timers off
END label=run5_normal utc=2026-09-09T15:21:43Z exit=0 cpu15=0
MID_CHECK run=6 utc=2026-09-09T15:21:43Z load1=1.25 load5=0.89 load15=0.81 cpu15=0
START label=run6_soa utc=2026-09-09T15:21:43Z load1=1.25 load5=0.89 load15=0.81 cpu15=0
COMMAND label=run6_soa env -u TETRIS_AI_PARAM_FILE taskset --cpu-list 7 /home/icly/Documents/tetris_ai_runner/out/build/linux-gcc-self-release/tetris_profile_child_soa --seed 1 --warmup-moves 20 --moves 80 --maxdepth 6 --param-file /home/icly/Documents/tetris_ai_runner/artifacts/frozen_29d.bin --iters 1000 --quiet --quiet-version 3 --telemetry on --timers off
END label=run6_soa utc=2026-09-09T15:21:53Z exit=0 cpu15=0
MID_CHECK run=7 utc=2026-09-09T15:21:53Z load1=1.30 load5=0.91 load15=0.82 cpu15=0
START label=run7_soa utc=2026-09-09T15:21:53Z load1=1.30 load5=0.91 load15=0.82 cpu15=0
COMMAND label=run7_soa env -u TETRIS_AI_PARAM_FILE taskset --cpu-list 7 /home/icly/Documents/tetris_ai_runner/out/build/linux-gcc-self-release/tetris_profile_child_soa --seed 1 --warmup-moves 20 --moves 80 --maxdepth 6 --param-file /home/icly/Documents/tetris_ai_runner/artifacts/frozen_29d.bin --iters 1000 --quiet --quiet-version 3 --telemetry on --timers off
END label=run7_soa utc=2026-09-09T15:22:03Z exit=0 cpu15=0
MID_CHECK run=8 utc=2026-09-09T15:22:03Z load1=1.25 load5=0.92 load15=0.82 cpu15=0
START label=run8_normal utc=2026-09-09T15:22:03Z load1=1.25 load5=0.92 load15=0.82 cpu15=0
COMMAND label=run8_normal env -u TETRIS_AI_PARAM_FILE taskset --cpu-list 7 /home/icly/Documents/tetris_ai_runner/out/build/linux-gcc-self-release/tetris_profile_value --seed 1 --warmup-moves 20 --moves 80 --maxdepth 6 --param-file /home/icly/Documents/tetris_ai_runner/artifacts/frozen_29d.bin --iters 1000 --quiet --quiet-version 3 --telemetry on --timers off
END label=run8_normal utc=2026-09-09T15:22:13Z exit=0 cpu15=0
COLLECTION_COMPLETE=2026-09-09T15:22:13Z cpu15=0
CPU15_ONLINE_END=2026-09-09T15:22:13Z state=1
TERMINAL=COLLECTED
